Loading receiving plane (source = openpmd) ...
  openPMD series: ../diags/receiving_plane/openpmd.bp5
  openPMD encoding: variable-based (.bp5)
  openPMD access mode: read_linear
  axis_labels (array dim -> physical): ['z', 'y', 'x']
  Physical spans: z=2.66 mm, y=4.44 mm, x=0.45 mm
  Thin dim: array axis 2 = physical 'x' -> propagation axis X
  Aperture array dims: [0, 1] = physical ZY
  Using E component: Ez  paired B component: By
  Receiver-plane centerline: X = 13.72768 cm (slab thickness = 2 cells)
    read 1 iterations  (t = 0.000 ns, elapsed 0.2 s, 6 iter/s)
    read 500 iterations  (t = 0.213 ns, elapsed 1.0 s, 499 iter/s)
    read 1000 iterations  (t = 0.426 ns, elapsed 1.7 s, 578 iter/s)
    read 1500 iterations  (t = 0.639 ns, elapsed 2.6 s, 585 iter/s)
    read 2000 iterations  (t = 0.852 ns, elapsed 3.4 s, 585 iter/s)
    read 2500 iterations  (t = 1.065 ns, elapsed 4.2 s, 600 iter/s)
    read 3000 iterations  (t = 1.278 ns, elapsed 4.9 s, 613 iter/s)
    read 3500 iterations  (t = 1.491 ns, elapsed 5.6 s, 622 iter/s)
    read 4000 iterations  (t = 1.704 ns, elapsed 6.4 s, 628 iter/s)
    read 4500 iterations  (t = 1.917 ns, elapsed 7.2 s, 627 iter/s)
    read 5000 iterations  (t = 2.131 ns, elapsed 7.9 s, 632 iter/s)
    read 5500 iterations  (t = 2.344 ns, elapsed 8.7 s, 632 iter/s)
    read 6000 iterations  (t = 2.557 ns, elapsed 9.5 s, 630 iter/s)
    read 6500 iterations  (t = 2.770 ns, elapsed 10.3 s, 631 iter/s)
    read 7000 iterations  (t = 2.983 ns, elapsed 11.1 s, 633 iter/s)
    read 7500 iterations  (t = 3.196 ns, elapsed 11.9 s, 632 iter/s)
    read 8000 iterations  (t = 3.409 ns, elapsed 12.6 s, 635 iter/s)
    read 8500 iterations  (t = 3.622 ns, elapsed 13.4 s, 635 iter/s)
    read 9000 iterations  (t = 3.835 ns, elapsed 14.1 s, 637 iter/s)
    read 9500 iterations  (t = 4.048 ns, elapsed 14.9 s, 639 iter/s)
    read 10000 iterations  (t = 4.262 ns, elapsed 15.6 s, 641 iter/s)
    read 10500 iterations  (t = 4.475 ns, elapsed 16.3 s, 643 iter/s)
    read 11000 iterations  (t = 4.688 ns, elapsed 17.1 s, 642 iter/s)
    read 11500 iterations  (t = 4.901 ns, elapsed 17.9 s, 641 iter/s)
    read 12000 iterations  (t = 5.114 ns, elapsed 18.7 s, 642 iter/s)
    read 12500 iterations  (t = 5.327 ns, elapsed 19.4 s, 643 iter/s)
    read 13000 iterations  (t = 5.540 ns, elapsed 20.2 s, 644 iter/s)
    read 13500 iterations  (t = 5.753 ns, elapsed 21.0 s, 644 iter/s)
    read 14000 iterations  (t = 5.966 ns, elapsed 21.8 s, 642 iter/s)
    read 14500 iterations  (t = 6.180 ns, elapsed 22.5 s, 643 iter/s)
  done: 14952 iterations read in 23.2 s (644 iter/s)
  14952 steps,  dt = 4.2620e-13 s,  t ∈ [0.0000, 6.3722] ns
  peak |a_E_rec| = 3.8091e+05 V/m,  peak |a_B_rec| = 1.0334e-03 T

=== CW mode ===
  auto cw-t-start = 3*L/v_g = 3.418 ns
  auto cw-lpf-cutoff = 0.1 * f0 = 6.700 GHz

I/Q demodulating at f0 = 67.000 GHz, LPF cutoff 6.700 GHz, order 6

Steady-state window: t ∈ [3.418, 6.342] ns  (6861 samples)
Reference: analytic CW at emitter frame  (E0=1.00e+06 V/m, f0=67.00 GHz)

|S21|(steady-state)  = 3.2180e-01 ± 2.07e-02  (-9.85 dB)
Δφ  (steady-state, unwrapped) = +2237.330 ± 1.029 deg
Δφ  (steady-state, wrapped)   = +77.330 deg (unwrapped − 6·360°;  experimentally observable)

Carrier ω0 = 2π·67.00 GHz,  n_crit = 5.568e+19 m⁻³
Low-density line-integrated n_e estimate from Δφ:
  <n_e>·d ≈ 3.097e+18 m⁻²     (vacuum run: should be ~0; any non-zero value is the reflection/standing-wave noise floor).

Figure saved: s21_cw_iq_demodulation.png
