Loading receiving plane (source = openpmd) ...
  openPMD series: ../diags/receiving_plane/openpmd.bp5
  openPMD encoding: variable-based (.bp5)
  openPMD access mode: read_linear
  axis_labels (array dim -> physical): ['z', 'y', 'x']
  Physical spans: z=0.45 mm, y=1.88 mm, x=3.76 mm
  Thin dim: array axis 0 = physical 'z' -> propagation axis Z
  Aperture array dims: [1, 2] = physical YX
  Using E component: Ey  paired B component: Bx
    read 1 iterations  (t = 0.000 ns, elapsed 0.2 s, 4 iter/s)
    read 500 iterations  (t = 0.369 ns, elapsed 0.8 s, 649 iter/s)
    read 1000 iterations  (t = 0.739 ns, elapsed 1.4 s, 738 iter/s)
    read 1500 iterations  (t = 1.109 ns, elapsed 1.9 s, 787 iter/s)
    read 2000 iterations  (t = 1.479 ns, elapsed 2.5 s, 804 iter/s)
    read 2500 iterations  (t = 1.849 ns, elapsed 3.1 s, 815 iter/s)
    read 3000 iterations  (t = 2.219 ns, elapsed 3.7 s, 810 iter/s)
    read 3500 iterations  (t = 2.589 ns, elapsed 4.3 s, 820 iter/s)
    read 4000 iterations  (t = 2.959 ns, elapsed 4.9 s, 823 iter/s)
    read 4500 iterations  (t = 3.329 ns, elapsed 5.5 s, 820 iter/s)
    read 5000 iterations  (t = 3.699 ns, elapsed 6.1 s, 821 iter/s)
    read 5500 iterations  (t = 4.069 ns, elapsed 6.8 s, 814 iter/s)
    read 6000 iterations  (t = 4.439 ns, elapsed 7.3 s, 817 iter/s)
    read 6500 iterations  (t = 4.809 ns, elapsed 7.9 s, 822 iter/s)
    read 7000 iterations  (t = 5.179 ns, elapsed 8.5 s, 825 iter/s)
    read 7500 iterations  (t = 5.548 ns, elapsed 9.0 s, 830 iter/s)
    read 8000 iterations  (t = 5.918 ns, elapsed 9.6 s, 834 iter/s)
    read 8500 iterations  (t = 6.288 ns, elapsed 10.2 s, 836 iter/s)
    read 9000 iterations  (t = 6.658 ns, elapsed 10.7 s, 838 iter/s)
    read 9500 iterations  (t = 7.028 ns, elapsed 11.3 s, 841 iter/s)
    read 10000 iterations  (t = 7.398 ns, elapsed 11.9 s, 842 iter/s)
    read 10500 iterations  (t = 7.768 ns, elapsed 12.7 s, 828 iter/s)
    read 11000 iterations  (t = 8.138 ns, elapsed 13.2 s, 831 iter/s)
    read 11500 iterations  (t = 8.508 ns, elapsed 13.8 s, 833 iter/s)
    read 12000 iterations  (t = 8.878 ns, elapsed 14.4 s, 836 iter/s)
    read 12500 iterations  (t = 9.248 ns, elapsed 14.9 s, 837 iter/s)
    read 13000 iterations  (t = 9.618 ns, elapsed 15.5 s, 839 iter/s)
    read 13500 iterations  (t = 9.988 ns, elapsed 16.1 s, 841 iter/s)
    read 14000 iterations  (t = 10.358 ns, elapsed 16.6 s, 842 iter/s)
    read 14500 iterations  (t = 10.728 ns, elapsed 17.2 s, 843 iter/s)
    read 15000 iterations  (t = 11.098 ns, elapsed 17.8 s, 843 iter/s)
    read 15500 iterations  (t = 11.468 ns, elapsed 18.4 s, 842 iter/s)
    read 16000 iterations  (t = 11.838 ns, elapsed 19.0 s, 841 iter/s)
    read 16500 iterations  (t = 12.208 ns, elapsed 19.6 s, 843 iter/s)
    read 17000 iterations  (t = 12.577 ns, elapsed 20.1 s, 844 iter/s)
    read 17500 iterations  (t = 12.947 ns, elapsed 20.7 s, 844 iter/s)
    read 18000 iterations  (t = 13.317 ns, elapsed 21.3 s, 844 iter/s)
    read 18500 iterations  (t = 13.687 ns, elapsed 21.9 s, 845 iter/s)
    read 19000 iterations  (t = 14.057 ns, elapsed 22.4 s, 847 iter/s)
    read 19500 iterations  (t = 14.427 ns, elapsed 23.0 s, 847 iter/s)
    read 20000 iterations  (t = 14.797 ns, elapsed 23.6 s, 847 iter/s)
    read 20500 iterations  (t = 15.167 ns, elapsed 24.2 s, 848 iter/s)
    read 21000 iterations  (t = 15.537 ns, elapsed 24.8 s, 848 iter/s)
    read 21500 iterations  (t = 15.907 ns, elapsed 25.3 s, 848 iter/s)
    read 22000 iterations  (t = 16.277 ns, elapsed 25.9 s, 849 iter/s)
    read 22500 iterations  (t = 16.647 ns, elapsed 26.5 s, 849 iter/s)
  done: 22620 iterations read in 26.7 s (849 iter/s)
  22620 steps,  dt = 7.3990e-13 s,  t ∈ [0.0000, 16.7357] ns
  peak |a_E_rec| = 1.2443e+02 V/m,  peak |a_B_rec| = 3.3410e-07 T
Loading injection plane (source = openpmd) ...
  openPMD series: ../diags/injection_plane/openpmd.bp5
  openPMD encoding: variable-based (.bp5)
  openPMD access mode: read_linear
  axis_labels (array dim -> physical): ['z', 'y', 'x']
  Physical spans: z=0.45 mm, y=1.88 mm, x=3.76 mm
  Thin dim: array axis 0 = physical 'z' -> propagation axis Z
  Aperture array dims: [1, 2] = physical YX
  Using E component: Ey  paired B component: Bx
    read 1 iterations  (t = 0.000 ns, elapsed 0.3 s, 4 iter/s)
    read 500 iterations  (t = 0.369 ns, elapsed 0.9 s, 578 iter/s)
    read 1000 iterations  (t = 0.739 ns, elapsed 1.4 s, 693 iter/s)
    read 1500 iterations  (t = 1.109 ns, elapsed 2.1 s, 728 iter/s)
    read 2000 iterations  (t = 1.479 ns, elapsed 2.6 s, 755 iter/s)
    read 2500 iterations  (t = 1.849 ns, elapsed 3.2 s, 770 iter/s)
    read 3000 iterations  (t = 2.219 ns, elapsed 3.9 s, 775 iter/s)
    read 3500 iterations  (t = 2.589 ns, elapsed 4.5 s, 785 iter/s)
    read 4000 iterations  (t = 2.959 ns, elapsed 5.0 s, 793 iter/s)
    read 4500 iterations  (t = 3.329 ns, elapsed 5.6 s, 800 iter/s)
    read 5000 iterations  (t = 3.699 ns, elapsed 6.2 s, 808 iter/s)
    read 5500 iterations  (t = 4.069 ns, elapsed 6.7 s, 818 iter/s)
    read 6000 iterations  (t = 4.439 ns, elapsed 7.3 s, 827 iter/s)
    read 6500 iterations  (t = 4.809 ns, elapsed 7.8 s, 835 iter/s)
    read 7000 iterations  (t = 5.179 ns, elapsed 8.3 s, 840 iter/s)
    read 7500 iterations  (t = 5.548 ns, elapsed 8.9 s, 845 iter/s)
    read 8000 iterations  (t = 5.918 ns, elapsed 9.4 s, 849 iter/s)
    read 8500 iterations  (t = 6.288 ns, elapsed 10.0 s, 853 iter/s)
    read 9000 iterations  (t = 6.658 ns, elapsed 10.5 s, 855 iter/s)
    read 9500 iterations  (t = 7.028 ns, elapsed 11.1 s, 858 iter/s)
    read 10000 iterations  (t = 7.398 ns, elapsed 11.6 s, 859 iter/s)
    read 10500 iterations  (t = 7.768 ns, elapsed 12.2 s, 861 iter/s)
    read 11000 iterations  (t = 8.138 ns, elapsed 12.7 s, 863 iter/s)
    read 11500 iterations  (t = 8.508 ns, elapsed 13.4 s, 861 iter/s)
    read 12000 iterations  (t = 8.878 ns, elapsed 13.9 s, 864 iter/s)
    read 12500 iterations  (t = 9.248 ns, elapsed 14.5 s, 861 iter/s)
    read 13000 iterations  (t = 9.618 ns, elapsed 15.0 s, 865 iter/s)
    read 13500 iterations  (t = 9.988 ns, elapsed 15.6 s, 867 iter/s)
    read 14000 iterations  (t = 10.358 ns, elapsed 16.1 s, 869 iter/s)
    read 14500 iterations  (t = 10.728 ns, elapsed 16.7 s, 871 iter/s)
    read 15000 iterations  (t = 11.098 ns, elapsed 17.2 s, 873 iter/s)
    read 15500 iterations  (t = 11.468 ns, elapsed 17.7 s, 875 iter/s)
    read 16000 iterations  (t = 11.838 ns, elapsed 18.3 s, 876 iter/s)
    read 16500 iterations  (t = 12.208 ns, elapsed 18.8 s, 878 iter/s)
    read 17000 iterations  (t = 12.577 ns, elapsed 19.3 s, 880 iter/s)
    read 17500 iterations  (t = 12.947 ns, elapsed 19.9 s, 881 iter/s)
    read 18000 iterations  (t = 13.317 ns, elapsed 20.4 s, 881 iter/s)
    read 18500 iterations  (t = 13.687 ns, elapsed 21.0 s, 882 iter/s)
    read 19000 iterations  (t = 14.057 ns, elapsed 21.5 s, 883 iter/s)
    read 19500 iterations  (t = 14.427 ns, elapsed 22.1 s, 881 iter/s)
    read 20000 iterations  (t = 14.797 ns, elapsed 22.7 s, 882 iter/s)
    read 20500 iterations  (t = 15.167 ns, elapsed 23.3 s, 880 iter/s)
    read 21000 iterations  (t = 15.537 ns, elapsed 23.9 s, 880 iter/s)
    read 21500 iterations  (t = 15.907 ns, elapsed 24.5 s, 879 iter/s)
    read 22000 iterations  (t = 16.277 ns, elapsed 25.0 s, 880 iter/s)
    read 22500 iterations  (t = 16.647 ns, elapsed 25.6 s, 880 iter/s)
  done: 22620 iterations read in 25.7 s (880 iter/s)
  22620 steps,  dt = 7.3990e-13 s,  t ∈ [0.0000, 16.7357] ns
  peak |a_E_inj| = 2.2414e+02 V/m,  peak |a_B_inj| = 5.8593e-07 T

Propagation axis: Z,  L = 24.86300 cm
TE10 cutoff = 39.875 GHz
Window: none
Geometry: straight  (straight-guide analytic IS the expected answer)

Directional S21 = A_+_recv / A_+_inj,  errors in [60, 74] GHz (14996 freq points):
  |S21| error  max = 3.15e-05  RMS = 1.19e-05
  Phase error  max = 24.8320 deg  RMS = 21.7580 deg

Naive E-only S21 for comparison:
  |S21| error  max = 9.34e-03  RMS = 3.93e-03

Reflection diagnostics (from directional split):
  |S11|_inj  mean = 4.538e-03  max = 7.843e-03
  |S22|_recv mean = 4.151e-03  max = 6.914e-03

=== S21 at carrier f0 = 67.000 GHz (nearest bin 67.0001 GHz, offset +0.092 MHz) ===
  |S21|(f0)         = 1.000024e+00  (+0.000 dB)
  arg(S21)(f0)      = +102.9006 deg   (wrapped to [-180, +180])
  arg(S21_ref)(f0)  = +124.5863 deg   (straight-guide analytic reference)
  Δφ_wrapped(f0)    = -21.6857 deg   (arg(S21_sim / S21_ref), wrapped)
  |S11|(f0)_inj     = 1.9133e-03
  |S22|(f0)_recv    = 6.9001e-03

Figure saved: s21_validation_directional_splitting.png
